// Jest Snapshot v1, https://goo.gl/fbAQLP

exports[`Can add user to UserList 1`] = `
Object {
  "users": Array [
    Object {
      "age": 30,
      "email": "",
      "name": "TestUser",
    },
  ],
}
`;
